[INFO] Scanning for projects...
[INFO] 
[INFO] ------------------------< com.example:backend >-------------------------
[INFO] Building backend 0.0.1-SNAPSHOT
[INFO]   from pom.xml
[INFO] --------------------------------[ jar ]---------------------------------
[INFO] 
[INFO] >>> spring-boot:4.0.3:run (default-cli) > test-compile @ backend >>>
[INFO] 
[INFO] --- resources:3.3.1:resources (default-resources) @ backend ---
[INFO] Copying 1 resource from src\main\resources to target\classes
[INFO] Copying 1 resource from src\main\resources to target\classes
[INFO] 
[INFO] --- compiler:3.14.1:compile (default-compile) @ backend ---
[INFO] Recompiling the module because of changed source code.
[INFO] Compiling 54 source files with javac [debug parameters release 21] to target\classes
[INFO] /D:/Torrent_Doc/Job/Kickoff-BE/src/main/java/com/example/backend/security/JwtAuthenticationFilter.java: D:\Torrent_Doc\Job\Kickoff-BE\src\main\java\com\example\backend\security\JwtAuthenticationFilter.java uses or overrides a deprecated API.
[INFO] /D:/Torrent_Doc/Job/Kickoff-BE/src/main/java/com/example/backend/security/JwtAuthenticationFilter.java: Recompile with -Xlint:deprecation for details.
[INFO] -------------------------------------------------------------
[ERROR] COMPILATION ERROR : 
[INFO] -------------------------------------------------------------
[ERROR] /D:/Torrent_Doc/Job/Kickoff-BE/src/main/java/com/example/backend/controller/AuthController.java:[70,64] method error in class com.example.backend.common.ApiResponse<T> cannot be applied to given types;
  required: java.lang.String,java.lang.Object
  found:    java.lang.String
  reason: cannot infer type-variable(s) T
    (actual and formal argument lists differ in length)
[INFO] 1 error
[INFO] -------------------------------------------------------------
[INFO] ------------------------------------------------------------------------
[INFO] BUILD FAILURE
[INFO] ------------------------------------------------------------------------
[INFO] Total time:  10.796 s
[INFO] Finished at: 2026-03-24T11:02:23+07:00
[INFO] ------------------------------------------------------------------------
[ERROR] Failed to execute goal org.apache.maven.plugins:maven-compiler-plugin:3.14.1:compile (default-compile) on project backend: Compilation failure
[ERROR] /D:/Torrent_Doc/Job/Kickoff-BE/src/main/java/com/example/backend/controller/AuthController.java:[70,64] method error in class com.example.backend.common.ApiResponse<T> cannot be applied to given types;
[ERROR]   required: java.lang.String,java.lang.Object
[ERROR]   found:    java.lang.String
[ERROR]   reason: cannot infer type-variable(s) T
[ERROR]     (actual and formal argument lists differ in length)
[ERROR] 
[ERROR] -> [Help 1]
[ERROR] 
[ERROR] To see the full stack trace of the errors, re-run Maven with the -e switch.
[ERROR] Re-run Maven using the -X switch to enable full debug logging.
[ERROR] 
[ERROR] For more information about the errors and possible solutions, please read the following articles:
[ERROR] [Help 1] http://cwiki.apache.org/confluence/display/MAVEN/MojoFailureException
